// Jest Snapshot v1, https://goo.gl/fbAQLP

exports[`Layout renders 1`] = `
<DocumentFragment>
  <header
    class="py-8 text-center"
  >
    <h1
      class="text-2xl"
    >
      高専生はエンジニアの夢を見るか？
    </h1>
    <h2
      class="text-gray-500"
    >
      しがない高専生の雑多ブログ
    </h2>
  </header>
  Layout
  <footer
    class="py-2 border-t border-gray-300 text-center text-gray-500"
  >
    Copyright©2021 Shuntaro Nishizawa
  </footer>
</DocumentFragment>
`;
