// Jest Snapshot v1, https://goo.gl/fbAQLP

exports[`Markdown renders 1`] = `
<DocumentFragment>
  <h1
    class="font-medium text-3xl border-b border-gray-300 mb-8"
    level="1"
  >
    Test Article 1
  </h1>
  

  <h1
    class="font-medium text-3xl border-b border-gray-300 mb-8"
    level="1"
  >
    Header 1
  </h1>
  

  <h2
    class="font-medium text-2xl border-b border-gray-300 mb-8"
    level="2"
  >
    Header 2
  </h2>
  

  <h3
    class="font-medium text-2xl mb-4"
    level="3"
  >
    Header 3
  </h3>
  

  <h4
    class="font-medium text-xl mb-4"
    level="4"
  >
    Header 4
  </h4>
  

  <h5
    class="font-medium text-lg mb-4"
    level="5"
  >
    Header 5
  </h5>
  

  <h6
    class="text-lg mb-4"
    level="6"
  >
    Header 6
  </h6>
  

  <p
    class="text-base mb-2"
  >
    List
  </p>
  

  <ul
    class="list-disc pl-5 mb-2"
  >
    

    <li>
      item 1
    </li>
    

    <li>
      item 2
    </li>
    

    <li>
      item 3

      <ul
        class="list-disc pl-5 mb-2"
      >
        

        <li>
          Nested item 1
        </li>
        

        <li>
          Nested item 2
        </li>
        

        <li>
          Nested item 3
        </li>
        

      </ul>
      

    </li>
    

  </ul>
  

  <p
    class="text-base mb-2"
  >
    Ordered List
  </p>
  

  <ol
    class="list-decimal pl-5 mb-2"
  >
    

    <li>
      item 1
    </li>
    

    <li>
      item 2
    </li>
    

    <li>
      item 3
    </li>
    

  </ol>
  

  <p
    class="text-base mb-2"
  >
    <strong
      class="font-bold"
    >
      Bold
    </strong>
     
    <em
      class="font-italic"
    >
      Italic
    </em>
     
    <em
      class="font-italic"
    >
      <strong
        class="font-bold"
      >
        Bold Italic
      </strong>
    </em>
     
    <code
      class="inline-block rounded bg-gray-100 text-cyan-500 px-1.5"
    >
      Inline Code
    </code>
     
    <del
      class="line-through text-gray-400"
    >
      Strikethrough
    </del>
  </p>
  

  <div
    class="rounded-xl mb-2"
  >
    <pre
      style="display: block; overflow-x: auto; padding: 0.5em; background: rgb(46, 52, 64); color: rgb(216, 222, 233);"
    >
      <code
        class="language-javascript"
        style="white-space: pre;"
      >
        <span
          style="color: rgb(76, 86, 106);"
        >
          // Code block
        </span>
        <span>
          

        </span>
        <span />
        <span
          style="color: rgb(143, 188, 187);"
        >
          console
        </span>
        <span>
          .log(
        </span>
        <span
          style="color: rgb(163, 190, 140);"
        >
          "Hello World!"
        </span>
        <span>
          );
        </span>
      </code>
    </pre>
  </div>
  

  <blockquote
    class="border-l-4 border-gray-200 pl-4 py-2 my-4 text-gray-500"
  >
    

    <p
      class="text-base mb-2"
    >
      Block Quote
Block Quote
Block Quote
    </p>
    

  </blockquote>
  

  <p
    class="text-base mb-2"
  >
    <a
      class="text-cyan-500 hover:text-cyan-700 underline"
      href="https://www.google.com"
    >
      Link to Google
    </a>
  </p>
</DocumentFragment>
`;
