// Jest Snapshot v1, https://goo.gl/fbAQLP

exports[`Markdown renders 1`] = `
<DocumentFragment>
  <h1>
    Test Article 1
  </h1>
  

  <h1>
    Header 1
  </h1>
  

  <h2>
    Header 2
  </h2>
  

  <h3>
    Header 3
  </h3>
  

  <h4>
    Header 4
  </h4>
  

  <h5>
    Header 5
  </h5>
  

  <h6>
    Header 6
  </h6>
  

  <p>
    List
  </p>
  

  <ul>
    

    <li>
      item 1
    </li>
    

    <li>
      item 2
    </li>
    

    <li>
      item 3

      <ul>
        

        <li>
          Nested item 1
        </li>
        

        <li>
          Nested item 2
        </li>
        

        <li>
          Nested item 3
        </li>
        

      </ul>
      

    </li>
    

  </ul>
  

  <p>
    Ordered List
  </p>
  

  <ol>
    

    <li>
      item 1
    </li>
    

    <li>
      item 2
    </li>
    

    <li>
      item 3
    </li>
    

  </ol>
  

  <p>
    <strong>
      Bold
    </strong>
     
    <em>
      Italic
    </em>
     
    <em>
      <strong>
        Bold Italic
      </strong>
    </em>
     
    <code>
      Inline Code
    </code>
     
    <del>
      Strikethrough
    </del>
  </p>
  

  <pre>
    <code
      class="language-javascript"
    >
      // Code block
console.log("Hello World!");

    </code>
  </pre>
  

  <blockquote>
    

    <p>
      Block Quote
Block Quote
Block Quote
    </p>
    

  </blockquote>
  

  <p>
    <a
      href="https://www.google.com"
    >
      Link to Google
    </a>
  </p>
</DocumentFragment>
`;
